Resolved 65 packages in 383ms
# This file was autogenerated by uv via the following command:
#    uv pip compile -o requirements.lock pyproject.toml
alembic==0.8.10
    # via
    #   flask-api-project (pyproject.toml)
    #   flask-migrate
aniso8601==1.2.0
    # via
    #   flask-api-project (pyproject.toml)
    #   flask-restful
appdirs==1.4.0
    # via flask-api-project (pyproject.toml)
appnope==0.1.0
    # via flask-api-project (pyproject.toml)
asttokens==3.0.0
    # via stack-data
backports-shutil-get-terminal-size==1.0.0
    # via flask-api-project (pyproject.toml)
bcrypt==4.3.0
    # via
    #   flask-api-project (pyproject.toml)
    #   flask-bcrypt
certifi==2019.3.9
    # via
    #   flask-api-project (pyproject.toml)
    #   requests
cffi==1.15.1
    # via flask-api-project (pyproject.toml)
chardet==3.0.4
    # via
    #   flask-api-project (pyproject.toml)
    #   requests
click==8.1.3
    # via
    #   flask-api-project (pyproject.toml)
    #   flask
    #   python-dotenv
coverage==4.3.4
    # via flask-api-project (pyproject.toml)
decorator==4.0.11
    # via
    #   flask-api-project (pyproject.toml)
    #   ipdb
    #   ipython
enum34==1.1.6
    # via flask-api-project (pyproject.toml)
exceptiongroup==1.3.0
    # via ipython
executing==2.2.0
    # via stack-data
faker==0.7.7
    # via flask-api-project (pyproject.toml)
flask==2.1.3
    # via
    #   flask-api-project (pyproject.toml)
    #   flask-bcrypt
    #   flask-jwt-extended
    #   flask-migrate
    #   flask-restful
    #   flask-script
    #   flask-sqlalchemy
flask-bcrypt==1.0.1
    # via flask-api-project (pyproject.toml)
flask-jwt-extended==4.4.4
    # via flask-api-project (pyproject.toml)
flask-migrate==2.0.2
    # via flask-api-project (pyproject.toml)
flask-restful==0.3.9
    # via flask-api-project (pyproject.toml)
flask-script==2.0.5
    # via
    #   flask-api-project (pyproject.toml)
    #   flask-migrate
flask-sqlalchemy==2.5.1
    # via
    #   flask-api-project (pyproject.toml)
    #   flask-migrate
gunicorn==19.6.0
    # via flask-api-project (pyproject.toml)
idna==2.8
    # via
    #   flask-api-project (pyproject.toml)
    #   requests
ipaddress==1.0.18
    # via flask-api-project (pyproject.toml)
ipdb==0.13.13
    # via flask-api-project (pyproject.toml)
ipython==8.20.0
    # via
    #   flask-api-project (pyproject.toml)
    #   ipdb
ipython-genutils==0.1.0
    # via flask-api-project (pyproject.toml)
itsdangerous==2.1.2
    # via
    #   flask-api-project (pyproject.toml)
    #   flask
jedi==0.19.2
    # via ipython
jinja2==3.1.2
    # via
    #   flask-api-project (pyproject.toml)
    #   flask
mako==1.0.6
    # via
    #   flask-api-project (pyproject.toml)
    #   alembic
markupsafe==2.1.3
    # via
    #   flask-api-project (pyproject.toml)
    #   jinja2
    #   mako
    #   werkzeug
matplotlib-inline==0.1.7
    # via ipython
packaging==16.8
    # via flask-api-project (pyproject.toml)
parso==0.8.4
    # via jedi
pathlib2==2.2.1
    # via flask-api-project (pyproject.toml)
pexpect==4.8.0
    # via
    #   flask-api-project (pyproject.toml)
    #   ipython
pickleshare==0.7.4
    # via flask-api-project (pyproject.toml)
prompt-toolkit==3.0.41
    # via
    #   flask-api-project (pyproject.toml)
    #   ipython
psycopg2==2.8.2
    # via flask-api-project (pyproject.toml)
ptyprocess==0.5.1
    # via
    #   flask-api-project (pyproject.toml)
    #   pexpect
pure-eval==0.2.3
    # via stack-data
pycparser==2.17
    # via
    #   flask-api-project (pyproject.toml)
    #   cffi
pygments==2.15.0
    # via
    #   flask-api-project (pyproject.toml)
    #   ipython
pyjwt==2.3.0
    # via
    #   flask-api-project (pyproject.toml)
    #   flask-jwt-extended
pyparsing==2.1.10
    # via
    #   flask-api-project (pyproject.toml)
    #   packaging
python-dateutil==2.6.0
    # via
    #   flask-api-project (pyproject.toml)
    #   aniso8601
    #   faker
python-dotenv==0.6.2
    # via flask-api-project (pyproject.toml)
python-editor==1.0.3
    # via
    #   flask-api-project (pyproject.toml)
    #   alembic
pytz==2016.10
    # via
    #   flask-api-project (pyproject.toml)
    #   flask-restful
requests==2.21.0
    # via flask-api-project (pyproject.toml)
simplegeneric==0.8.1
    # via flask-api-project (pyproject.toml)
simplekv==0.10.0
    # via flask-api-project (pyproject.toml)
six==1.10.0
    # via
    #   flask-api-project (pyproject.toml)
    #   faker
    #   flask-restful
    #   packaging
    #   pathlib2
    #   python-dateutil
sqlalchemy==1.3.3
    # via
    #   flask-api-project (pyproject.toml)
    #   alembic
    #   flask-sqlalchemy
stack-data==0.6.3
    # via ipython
tomli==2.2.1
    # via ipdb
traitlets==5.9.0
    # via
    #   flask-api-project (pyproject.toml)
    #   ipython
    #   matplotlib-inline
typing-extensions==4.13.2
    # via exceptiongroup
urllib3==1.24.3
    # via
    #   flask-api-project (pyproject.toml)
    #   requests
wcwidth==0.1.7
    # via
    #   flask-api-project (pyproject.toml)
    #   prompt-toolkit
werkzeug==2.2.2
    # via
    #   flask-api-project (pyproject.toml)
    #   flask
    #   flask-jwt-extended
